| test.c:36:3:36:29 | call to declared_empty_defined_with | This call has fewer arguments than required by $@. | test.c:77:6:77:32 | declared_empty_defined_with | declared_empty_defined_with |
| test.c:87:10:87:20 | call to dereference | This call has fewer arguments than required by $@. | test.c:90:5:90:15 | dereference | dereference |
